// Jest Snapshot v1, https://goo.gl/fbAQLP

exports[`The DeleteConfirmDialog. Shows a warning message before deleting the presentation should render correctly 1`] = `
<Dialog
  actions={
    Array [
      <FlatButton
        disabled={false}
        fullWidth={false}
        label="Cancel"
        labelPosition="after"
        labelStyle={Object {}}
        onKeyboardFocus={[Function]}
        onMouseEnter={[Function]}
        onMouseLeave={[Function]}
        onTouchStart={[Function]}
        onTouchTap={[Function]}
        primary={true}
        secondary={false}
    />,
      <FlatButton
        disabled={false}
        fullWidth={false}
        keyboardFocused={true}
        label="Delete"
        labelPosition="after"
        labelStyle={Object {}}
        onKeyboardFocus={[Function]}
        onMouseEnter={[Function]}
        onMouseLeave={[Function]}
        onTouchStart={[Function]}
        onTouchTap={[Function]}
        primary={true}
        secondary={false}
    />,
    ]
  }
  autoDetectWindowHeight={true}
  autoScrollBodyContent={false}
  modal={false}
  onRequestClose={[Function]}
  open={true}
  repositionOnUpdate={true}
  title="Delete Presentation"
>
  Are you sure you want to delete this presentation?
</Dialog>
`;
