// Jest Snapshot v1, https://goo.gl/fbAQLP

exports[`The Adder. Shows a form to create a new presentation should render correctly 1`] = `
<Paper
  circle={false}
  className="adder-wrapper"
  rounded={true}
  transitionEnabled={true}
  zDepth={1}
>
  <div
    className="header"
  >
    <h1>
      Pathway Presenter
    </h1>
    <p>
      Create interactive presentations from pathways on
       
      <a
        href="http://wikipathways.org"
        rel="noopener noreferrer"
        target="_blank"
      >
        WikiPathways
      </a>
      .
    </p>
    <div
      className="logo-wrapper"
    >
      <img
        alt="Logo"
        src="logo-white.svg"
      />
    </div>
  </div>
  <div
    className="content"
  >
    <h3>
      Select a Pathway Presentation
    </h3>
    <AutoComplete
      anchorOrigin={
        Object {
          "horizontal": "left",
          "vertical": "bottom",
        }
      }
      animated={true}
      dataSource={Array []}
      dataSourceConfig={
        Object {
          "text": "text",
          "value": "value",
        }
      }
      disableFocusRipple={true}
      filter={[Function]}
      fullWidth={true}
      hintText="Search by title"
      maxSearchResults={5}
      menuCloseDelay={300}
      onNewRequest={[Function]}
      onUpdateInput={[Function]}
      open={false}
      openOnFocus={true}
      targetOrigin={
        Object {
          "horizontal": "left",
          "vertical": "top",
        }
      }
    />
    <Formsy
      onChange={[Function]}
      onError={[Function]}
      onInvalid={[Function]}
      onInvalidSubmit={[Function]}
      onSubmit={[Function]}
      onSuccess={[Function]}
      onValid={[Function]}
      onValidSubmit={[Function]}
      preventExternalInvalidation={false}
      validationErrors={null}
    >
      <h3>
        Create a Pathway Presentation
      </h3>
      <FormsyText
        floatingLabelText="Title"
        fullWidth={true}
        hintText="The TCA Cycle"
        name="title"
        required={true}
        requiredError="You must enter a valid title"
        updateImmediately={true}
        validationError=""
        validationErrors={Object {}}
      />
      <FormsyText
        floatingLabelText="Author Name(s)"
        fullWidth={true}
        hintText="Gregor Mendel, Frederick Sanger"
        name="authorName"
        required={true}
        requiredError="You must fill this in"
        updateImmediately={true}
        validationError="You must enter your name(s)"
        validationErrors={Object {}}
      />
      <FormsyText
        floatingLabelText="WikiPathways ID"
        fullWidth={true}
        hintText="WP78"
        name="wpId"
        required={true}
        updateImmediately={true}
        validationError="You must provide the WikiPathways ID"
        validationErrors={
          Object {
            "beginsWithWP": "The WikiPathways ID must begin with WP followed by a number",
          }
        }
        validations={
          Object {
            "beginsWithWP": [Function],
          }
        }
        value=""
      />
      <FormsyText
        floatingLabelText="WikiPathways Version (optional)"
        fullWidth={true}
        hintText="Type '0' for latest"
        name="version"
        updateImmediately={true}
        validationError="You can only enter numeric values"
        validationErrors={Object {}}
        validations="isNumeric"
      />
      <FlatButton
        className="create-button"
        disabled={true}
        fullWidth={true}
        label="Create"
        labelPosition="after"
        labelStyle={Object {}}
        onKeyboardFocus={[Function]}
        onMouseEnter={[Function]}
        onMouseLeave={[Function]}
        onTouchStart={[Function]}
        primary={true}
        secondary={false}
        type="submit"
      />
    </Formsy>
  </div>
</Paper>
`;
